ERC report (2026-09-30T15:44:58-0700, Encoding UTF8)
Report includes: Errors, Warnings

***** Sheet /
[pin_not_connected]: Pin not connected
    ; error
    @(41.91 mm, 68.58 mm): Symbol U1 Pin 14 [PA0, Bidirectional, Line]
[pin_not_connected]: Pin not connected
    ; error
    @(41.91 mm, 76.20 mm): Symbol U1 Pin 17 [PA3, Bidirectional, Line]
[pin_not_connected]: Pin not connected
    ; error
    @(41.91 mm, 88.90 mm): Symbol U1 Pin 41 [PA8, Bidirectional, Line]
[pin_not_connected]: Pin not connected
    ; error
    @(41.91 mm, 93.98 mm): Symbol U1 Pin 43 [PA10, Bidirectional, Line]
[pin_not_connected]: Pin not connected
    ; error
    @(87.63 mm, 68.58 mm): Symbol U1 Pin 26 [PB0, Bidirectional, Line]
[pin_not_connected]: Pin not connected
    ; error
    @(87.63 mm, 71.12 mm): Symbol U1 Pin 27 [PB1, Bidirectional, Line]
[pin_not_connected]: Pin not connected
    ; error
    @(87.63 mm, 73.66 mm): Symbol U1 Pin 28 [PB2, Bidirectional, Line]
[pin_not_connected]: Pin not connected
    ; error
    @(41.91 mm, 106.68 mm): Symbol U1 Pin 50 [PA15, Bidirectional, Line]
[pin_not_connected]: Pin not connected
    ; error
    @(41.91 mm, 110.49 mm): Symbol U1 Pin 8 [PC0, Bidirectional, Line]
[pin_not_connected]: Pin not connected
    ; error
    @(41.91 mm, 113.03 mm): Symbol U1 Pin 9 [PC1, Bidirectional, Line]
[pin_not_connected]: Pin not connected
    ; error
    @(41.91 mm, 115.57 mm): Symbol U1 Pin 10 [PC2, Bidirectional, Line]
[pin_not_connected]: Pin not connected
    ; error
    @(41.91 mm, 118.11 mm): Symbol U1 Pin 11 [PC3, Bidirectional, Line]
[pin_not_connected]: Pin not connected
    ; error
    @(41.91 mm, 120.65 mm): Symbol U1 Pin 24 [PC4, Bidirectional, Line]
[pin_not_connected]: Pin not connected
    ; error
    @(87.63 mm, 93.98 mm): Symbol U1 Pin 29 [PB10, Bidirectional, Line]
[pin_not_connected]: Pin not connected
    ; error
    @(41.91 mm, 123.19 mm): Symbol U1 Pin 25 [PC5, Bidirectional, Line]
[pin_not_connected]: Pin not connected
    ; error
    @(87.63 mm, 96.52 mm): Symbol U1 Pin 30 [PB11, Bidirectional, Line]
[pin_not_connected]: Pin not connected
    ; error
    @(41.91 mm, 125.73 mm): Symbol U1 Pin 37 [PC6, Bidirectional, Line]
[pin_not_connected]: Pin not connected
    ; error
    @(41.91 mm, 133.35 mm): Symbol U1 Pin 40 [PC9, Bidirectional, Line]
[pin_not_connected]: Pin not connected
    ; error
    @(41.91 mm, 135.89 mm): Symbol U1 Pin 51 [PC10, Bidirectional, Line]
[pin_not_connected]: Pin not connected
    ; error
    @(87.63 mm, 113.03 mm): Symbol U1 Pin 6 [PD1, Bidirectional, Line]
[pin_not_connected]: Pin not connected
    ; error
    @(41.91 mm, 138.43 mm): Symbol U1 Pin 52 [PC11, Bidirectional, Line]
[pin_not_connected]: Pin not connected
    ; error
    @(87.63 mm, 115.57 mm): Symbol U1 Pin 54 [PD2, Bidirectional, Line]
[pin_not_connected]: Pin not connected
    ; error
    @(41.91 mm, 140.97 mm): Symbol U1 Pin 53 [PC12, Bidirectional, Line]
[pin_not_connected]: Pin not connected
    ; error
    @(41.91 mm, 143.51 mm): Symbol U1 Pin 2 [PC13, Bidirectional, Line]
[power_pin_not_driven]: Input Power pin not driven by any Output Power pins
    ; error
    @(146.05 mm, 40.64 mm): Symbol U2 Pin 3 [IN, Power input, Line]
[pin_not_connected]: Pin not connected
    ; error
    @(41.91 mm, 146.05 mm): Symbol U1 Pin 3 [PC14, Bidirectional, Line]
[pin_not_connected]: Pin not connected
    ; error
    @(41.91 mm, 148.59 mm): Symbol U1 Pin 4 [PC15, Bidirectional, Line]
[pin_not_connected]: Pin not connected
    ; error
    @(156.21 mm, 48.26 mm): Symbol U2 Pin 1 [ADJ/GND, Input, Line]
[pin_not_driven]: Input pin not driven by any Output pins
    ; error
    @(156.21 mm, 48.26 mm): Symbol U2 Pin 1 [ADJ/GND, Input, Line]
[pin_to_pin]: Pins of type Output and Output are connected
    ; error
    @(64.77 mm, 203.20 mm): Symbol U7 Pin 6 [SDO, Output, Line]
    @(107.95 mm, 254.00 mm): Symbol U30 Pin 7 [SO, Output, Line]
[power_pin_not_driven]: Input Power pin not driven by any Output Power pins
    ; error
    @(149.86 mm, 194.31 mm): Symbol #PWR04 Pin 1 [Power input, Line]
[pin_to_pin]: Pins of type Output and Output are connected
    ; error
    @(293.37 mm, 229.87 mm): Symbol U6 Pin 15 [SDO1, Output, Line]
    @(107.95 mm, 254.00 mm): Symbol U30 Pin 7 [SO, Output, Line]
[pin_to_pin]: Pins of type Output and Output are connected
    ; error
    @(293.37 mm, 232.41 mm): Symbol U6 Pin 10 [SDO2, Output, Line]
    @(293.37 mm, 229.87 mm): Symbol U6 Pin 15 [SDO1, Output, Line]
[label_dangling]: Label not connected to anything
    ; error
    @(318.77 mm, 222.25 mm): Label 'IMU_INT1'
[label_dangling]: Label not connected to anything
    ; error
    @(318.77 mm, 224.79 mm): Label 'IMU_INT2'
[label_dangling]: Label not connected to anything
    ; error
    @(318.77 mm, 227.33 mm): Label 'IMU_INT3'
[label_dangling]: Label not connected to anything
    ; error
    @(318.77 mm, 229.87 mm): Label 'IMU_INT4'
[lib_symbol_mismatch]: Symbol '+3.3V' doesn't match copy in library 'power'
    ; warning
    @(33.02 mm, 31.75 mm): Symbol #PWR02 [+3.3V]
[lib_symbol_mismatch]: Symbol 'GND' doesn't match copy in library 'power'
    ; warning
    @(33.02 mm, 36.83 mm): Symbol #PWR03 [GND]
[lib_symbol_mismatch]: Symbol '+3.3V' doesn't match copy in library 'power'
    ; warning
    @(44.45 mm, 31.75 mm): Symbol #PWR08 [+3.3V]
[lib_symbol_mismatch]: Symbol 'GND' doesn't match copy in library 'power'
    ; warning
    @(44.45 mm, 36.83 mm): Symbol #PWR09 [GND]
[lib_symbol_mismatch]: Symbol '+3.3V' doesn't match copy in library 'power'
    ; warning
    @(55.88 mm, 31.75 mm): Symbol #PWR011 [+3.3V]
[lib_symbol_mismatch]: Symbol 'GND' doesn't match copy in library 'power'
    ; warning
    @(55.88 mm, 36.83 mm): Symbol #PWR012 [GND]
[lib_symbol_mismatch]: Symbol 'GND' doesn't match copy in library 'power'
    ; warning
    @(41.91 mm, 59.69 mm): Symbol #PWR014 [GND]
[lib_symbol_mismatch]: Symbol '+3.3V' doesn't match copy in library 'power'
    ; warning
    @(67.31 mm, 31.75 mm): Symbol #PWR015 [+3.3V]
[lib_symbol_mismatch]: Symbol 'GND' doesn't match copy in library 'power'
    ; warning
    @(67.31 mm, 36.83 mm): Symbol #PWR016 [GND]
[lib_symbol_mismatch]: Symbol '+3.3V' doesn't match copy in library 'power'
    ; warning
    @(66.04 mm, 48.26 mm): Symbol #PWR013 [+3.3V]
[lib_symbol_mismatch]: Symbol '+3.3V' doesn't match copy in library 'power'
    ; warning
    @(78.74 mm, 31.75 mm): Symbol #PWR017 [+3.3V]
[lib_symbol_mismatch]: Symbol 'GND' doesn't match copy in library 'power'
    ; warning
    @(78.74 mm, 36.83 mm): Symbol #PWR018 [GND]
[lib_symbol_mismatch]: Symbol '+3.3V' doesn't match copy in library 'power'
    ; warning
    @(90.17 mm, 31.75 mm): Symbol #PWR01 [+3.3V]
[lib_symbol_mismatch]: Symbol 'GND' doesn't match copy in library 'power'
    ; warning
    @(90.17 mm, 36.83 mm): Symbol #PWR024 [GND]
[lib_symbol_mismatch]: Symbol '+3.3V' doesn't match copy in library 'power'
    ; warning
    @(144.78 mm, 38.10 mm): Symbol #PWR06 [+3.3V]
[lib_symbol_mismatch]: Symbol 'GND' doesn't match copy in library 'power'
    ; warning
    @(144.78 mm, 48.26 mm): Symbol #PWR07 [GND]
[lib_symbol_mismatch]: Symbol '+3.3V' doesn't match copy in library 'power'
    ; warning
    @(149.86 mm, 81.28 mm): Symbol #PWR025 [+3.3V]
[lib_symbol_mismatch]: Symbol '+3.3V' doesn't match copy in library 'power'
    ; warning
    @(167.64 mm, 38.10 mm): Symbol #PWR038 [+3.3V]
[lib_symbol_mismatch]: Symbol 'GND' doesn't match copy in library 'power'
    ; warning
    @(167.64 mm, 48.26 mm): Symbol #PWR039 [GND]
[lib_symbol_mismatch]: Symbol 'Crystal_GND24_Small' doesn't match copy in library 'Device'
    ; warning
    @(153.67 mm, 86.36 mm): Symbol Y1 [Crystal_GND24_Small]
[lib_symbol_mismatch]: Symbol 'GND' doesn't match copy in library 'power'
    ; warning
    @(153.67 mm, 88.90 mm): Symbol #PWR026 [GND]
[lib_symbol_mismatch]: Symbol '+3.3V' doesn't match copy in library 'power'
    ; warning
    @(167.64 mm, 83.82 mm): Symbol #PWR020 [+3.3V]
[lib_symbol_mismatch]: Symbol 'GND' doesn't match copy in library 'power'
    ; warning
    @(167.64 mm, 88.90 mm): Symbol #PWR019 [GND]
[lib_symbol_mismatch]: Symbol '+3.3V' doesn't match copy in library 'power'
    ; warning
    @(149.86 mm, 123.19 mm): Symbol #PWR044 [+3.3V]
[lib_symbol_mismatch]: Symbol '+3.3V' doesn't match copy in library 'power'
    ; warning
    @(25.40 mm, 198.12 mm): Symbol #PWR066 [+3.3V]
[lib_symbol_mismatch]: Symbol '+3.3V' doesn't match copy in library 'power'
    ; warning
    @(43.18 mm, 196.85 mm): Symbol #PWR073 [+3.3V]
[lib_symbol_mismatch]: Symbol 'GND' doesn't match copy in library 'power'
    ; warning
    @(25.40 mm, 203.20 mm): Symbol #PWR067 [GND]
[lib_symbol_mismatch]: Symbol 'GND' doesn't match copy in library 'power'
    ; warning
    @(43.18 mm, 201.93 mm): Symbol #PWR040 [GND]
[footprint_link_issues]: The current configuration does not include the footprint library 'UCIRP-KiCAD-Lib'.
    ; warning
    @(54.61 mm, 201.93 mm): Symbol U7 [MS5607-02BA]
[lib_symbol_issues]: The current configuration does not include the symbol library 'UCIRP-KiCAD-Lib'
    ; warning
    @(54.61 mm, 201.93 mm): Symbol U7 [MS5607-02BA]
[lib_symbol_mismatch]: Symbol '+3.3V' doesn't match copy in library 'power'
    ; warning
    @(86.36 mm, 198.12 mm): Symbol #PWR041 [+3.3V]
[lib_symbol_mismatch]: Symbol '+3.3V' doesn't match copy in library 'power'
    ; warning
    @(185.42 mm, 135.89 mm): Symbol #PWR023 [+3.3V]
[lib_symbol_mismatch]: Symbol '+3.3V' doesn't match copy in library 'power'
    ; warning
    @(149.86 mm, 184.15 mm): Symbol #PWR05 [+3.3V]
[lib_symbol_mismatch]: Symbol '+3.3V' doesn't match copy in library 'power'
    ; warning
    @(199.39 mm, 135.89 mm): Symbol #PWR048 [+3.3V]
[lib_symbol_mismatch]: Symbol 'GND' doesn't match copy in library 'power'
    ; warning
    @(199.39 mm, 140.97 mm): Symbol #PWR037 [GND]
[footprint_link_issues]: Footprint 'AM-K-PCB' not found in library '0UCIRP-KiCAD-Lib'.
    ; warning
    @(43.18 mm, 252.73 mm): Symbol TC1 [Thermocouple]
[lib_symbol_mismatch]: Symbol 'GND' doesn't match copy in library 'power'
    ; warning
    @(67.31 mm, 252.73 mm): Symbol #PWR0297 [GND]
[lib_symbol_mismatch]: Symbol '+3.3V' doesn't match copy in library 'power'
    ; warning
    @(87.63 mm, 248.92 mm): Symbol #PWR0117 [+3.3V]
[lib_symbol_mismatch]: Symbol '+3.3V' doesn't match copy in library 'power'
    ; warning
    @(256.54 mm, 71.12 mm): Symbol #PWR045 [+3.3V]
[lib_symbol_issues]: The current configuration does not include the symbol library 'UCIRP-KiCAD-Lib'
    ; warning
    @(97.79 mm, 252.73 mm): Symbol U30 [MAX31855]
[lib_symbol_mismatch]: Symbol 'GND' doesn't match copy in library 'power'
    ; warning
    @(87.63 mm, 256.54 mm): Symbol #PWR0118 [GND]
[lib_symbol_mismatch]: Symbol '+3.3V' doesn't match copy in library 'power'
    ; warning
    @(130.81 mm, 243.84 mm): Symbol #PWR0121 [+3.3V]
[lib_symbol_mismatch]: Symbol '+3.3V' doesn't match copy in library 'power'
    ; warning
    @(148.59 mm, 233.68 mm): Symbol #PWR0119 [+3.3V]
[lib_symbol_mismatch]: Symbol 'GND' doesn't match copy in library 'power'
    ; warning
    @(148.59 mm, 238.76 mm): Symbol #PWR0120 [GND]
[lib_symbol_mismatch]: Symbol '+3.3V' doesn't match copy in library 'power'
    ; warning
    @(303.53 mm, 44.45 mm): Symbol #PWR028 [+3.3V]
[lib_symbol_mismatch]: Symbol 'GND' doesn't match copy in library 'power'
    ; warning
    @(303.53 mm, 64.77 mm): Symbol #PWR034 [GND]
[lib_symbol_mismatch]: Symbol 'GND' doesn't match copy in library 'power'
    ; warning
    @(307.34 mm, 53.34 mm): Symbol #PWR027 [GND]
[lib_symbol_mismatch]: Symbol '+3.3V' doesn't match copy in library 'power'
    ; warning
    @(317.50 mm, 43.18 mm): Symbol #PWR029 [+3.3V]
[lib_symbol_mismatch]: Symbol 'GND' doesn't match copy in library 'power'
    ; warning
    @(317.50 mm, 48.26 mm): Symbol #PWR030 [GND]
[lib_symbol_issues]: The current configuration does not include the symbol library 'UCIRP-KiCAD-Lib'
    ; warning
    @(292.10 mm, 142.24 mm): Symbol J2 [USB-C]
[lib_symbol_mismatch]: Symbol '+3.3V' doesn't match copy in library 'power'
    ; warning
    @(328.93 mm, 43.18 mm): Symbol #PWR031 [+3.3V]
[lib_symbol_mismatch]: Symbol '+3.3V' doesn't match copy in library 'power'
    ; warning
    @(256.54 mm, 210.82 mm): Symbol #PWR042 [+3.3V]
[lib_symbol_mismatch]: Symbol 'GND' doesn't match copy in library 'power'
    ; warning
    @(328.93 mm, 48.26 mm): Symbol #PWR032 [GND]
[lib_symbol_mismatch]: Symbol 'GND' doesn't match copy in library 'power'
    ; warning
    @(312.42 mm, 134.62 mm): Symbol #PWR059 [GND]
[lib_symbol_mismatch]: Symbol '+3.3V' doesn't match copy in library 'power'
    ; warning
    @(278.13 mm, 198.12 mm): Symbol #PWR033 [+3.3V]
[lib_symbol_mismatch]: Symbol 'GND' doesn't match copy in library 'power'
    ; warning
    @(312.42 mm, 142.24 mm): Symbol #PWR060 [GND]
[lib_symbol_mismatch]: Symbol '+3.3V' doesn't match copy in library 'power'
    ; warning
    @(256.54 mm, 228.60 mm): Symbol #PWR043 [+3.3V]
[lib_symbol_mismatch]: Symbol 'GND' doesn't match copy in library 'power'
    ; warning
    @(306.07 mm, 156.21 mm): Symbol #PWR056 [GND]
[lib_symbol_mismatch]: Symbol 'GND' doesn't match copy in library 'power'
    ; warning
    @(278.13 mm, 203.20 mm): Symbol #PWR065 [GND]
[lib_symbol_mismatch]: Symbol 'GND' doesn't match copy in library 'power'
    ; warning
    @(322.58 mm, 128.27 mm): Symbol #PWR047 [GND]
[lib_symbol_mismatch]: Symbol '+3.3V' doesn't match copy in library 'power'
    ; warning
    @(289.56 mm, 198.12 mm): Symbol #PWR069 [+3.3V]
[lib_symbol_mismatch]: Symbol 'GND' doesn't match copy in library 'power'
    ; warning
    @(289.56 mm, 203.20 mm): Symbol #PWR035 [GND]
[lib_symbol_mismatch]: Symbol 'GND' doesn't match copy in library 'power'
    ; warning
    @(330.20 mm, 127.00 mm): Symbol #PWR050 [GND]
[lib_symbol_mismatch]: Symbol 'GND' doesn't match copy in library 'power'
    ; warning
    @(293.37 mm, 215.90 mm): Symbol #PWR036 [GND]
[lib_symbol_mismatch]: Symbol 'GND' doesn't match copy in library 'power'
    ; warning
    @(330.20 mm, 156.21 mm): Symbol #PWR010 [GND]
[footprint_link_issues]: The current configuration does not include the footprint library 'UCIRP-KiCAD-Lib'.
    ; warning
    @(306.07 mm, 226.06 mm): Symbol U6 [BMI088]
[lib_symbol_issues]: The current configuration does not include the symbol library 'UCIRP-KiCAD-Lib'
    ; warning
    @(306.07 mm, 226.06 mm): Symbol U6 [BMI088]
[lib_symbol_mismatch]: Symbol '+3.3V' doesn't match copy in library 'power'
    ; warning
    @(318.77 mm, 214.63 mm): Symbol #PWR080 [+3.3V]
[lib_symbol_mismatch]: Symbol 'GND' doesn't match copy in library 'power'
    ; warning
    @(320.04 mm, 234.95 mm): Symbol #PWR081 [GND]

 ** ERC messages: 106  Errors 37  Warnings 69
